
== animation_A.avi  3,457,672 B  (already on the disk, unchanged)

== animation_B.avi  2,700,952 B  (already on the disk, unchanged)

== brothers_karamazov.txt  2,039,159 B  (already on the disk, unchanged)

== cinderella_storybook.pdf  1,055,953 B
   ANET-EN-256 probe on 131,072 B: ratio 1.004 (5.4s)
   chosen VERBATIM (raw): Seed 1,055,953 B  ratio 1.00000   (xz -6: 496,500 B)

== count_of_monte_cristo.txt  2,787,124 B  (already on the disk, unchanged)

== don_quixote.txt  2,391,678 B  (already on the disk, unchanged)

== nasa_mercury_transit_2016.mp4  3,413,359 B
   ANET-EN-256 probe on 131,072 B: ratio 1.004 (5.1s)
   chosen VERBATIM (raw): Seed 3,413,359 B  ratio 1.00000   (xz -6: 3,362,724 B)

== quixote_text_compressed.pdf  1,205,694 B  (already on the disk, unchanged)

== quixote_text_uncompressed.pdf  4,012,832 B  (already on the disk, unchanged)

== wealth_of_nations.txt  2,468,951 B  (already on the disk, unchanged)
   regenerated animation_A.avi                    3,457,672 B in    0.1s  sha256 PASS
   regenerated animation_B.avi                    2,700,952 B in    0.0s  sha256 PASS
   regenerated brothers_karamazov.txt             2,039,159 B in   73.8s  sha256 PASS
   regenerated cinderella_storybook.pdf           1,055,953 B in    0.0s  sha256 PASS
   regenerated count_of_monte_cristo.txt          2,787,124 B in  100.4s  sha256 PASS
   regenerated don_quixote.txt                    2,391,678 B in   86.1s  sha256 PASS
   regenerated nasa_mercury_transit_2016.mp4      3,413,359 B in    0.0s  sha256 PASS
   regenerated quixote_text_compressed.pdf        1,205,694 B in    0.0s  sha256 PASS
   regenerated quixote_text_uncompressed.pdf      4,012,832 B in    0.0s  sha256 PASS
   regenerated wealth_of_nations.txt              2,468,951 B in   88.6s  sha256 PASS
# Demo report — ten files through an AlgorithmicDisk

Inputs: 10 files, 25,533,374 bytes. Disk folder: 12,630,184 bytes (engines 201,006 B + Seeds 12,418,598 B + manifests). xz -6 on each file: 10,787,620 bytes.

**All 10 files regenerated byte-identically from the disk folder alone: True.**

| file | type | bytes | engine chosen | Seed (B) | ratio | xz -6 ratio | write s | read s | identical |
|---|---|---:|---|---:|---:|---:|---:|---:|:-:|
| animation_A.avi | video | 3,457,672 | ANET-PROC-anim-v1 | 110 | 0.00003 | 0.446 | 5.2 | 0.1 | yes |
| animation_B.avi | video | 2,700,952 | ANET-PROC-anim-v1 | 110 | 0.00004 | 0.430 | 4.9 | 0.0 | yes |
| brothers_karamazov.txt | text | 2,039,159 | ANET-EN-256 | 559,018 | 0.27414 | 0.285 | 79.2 | 73.8 | yes |
| cinderella_storybook.pdf | pdf | 1,055,953 | VERBATIM | 1,055,953 | 1.00000 | 0.470 | 5.4 | 0.0 | yes |
| count_of_monte_cristo.txt | text | 2,787,124 | ANET-EN-256 | 761,721 | 0.27330 | 0.279 | 106.1 | 100.4 | yes |
| don_quixote.txt | text | 2,391,678 | ANET-EN-256 | 701,402 | 0.29327 | 0.287 | 96.9 | 86.1 | yes |
| nasa_mercury_transit_2016.mp4 | video | 3,413,359 | VERBATIM | 3,413,359 | 1.00000 | 0.985 | 5.1 | 0.0 | yes |
| quixote_text_compressed.pdf | pdf | 1,205,694 | VERBATIM | 1,205,694 | 1.00000 | 0.920 | 5.2 | 0.0 | yes |
| quixote_text_uncompressed.pdf | pdf | 4,012,832 | VERBATIM | 4,012,832 | 1.00000 | 0.132 | 5.4 | 0.0 | yes |
| wealth_of_nations.txt | text | 2,468,951 | ANET-EN-256 | 708,399 | 0.28692 | 0.219 | 97.9 | 88.6 | yes |

Totals: Seeds/inputs = 0.4864, whole disk folder/inputs = 0.4947 (engine counted once), xz/inputs = 0.4225.

How to read it: text the English engine has never seen is stored at about 0.3x; the two procedural videos are stored as a
parameter record because their generator is on the disk; the compressed PDF, the scanned PDF and the screen recording
fall through to the verbatim escape (1.0x) because no engine on this disk knows their domain, and a general-purpose
compressor does better on those; the uncompressed text PDF sits in between (its text is hex-encoded, a domain the English
engine has not seen). Every file, whatever its ratio, comes back bit-for-bit.
