    ep   10 loss 0.3233 exact   0.0%  bit-acc  72.74%            1s
    ep   20 loss 0.2632 exact   0.0%  bit-acc  75.55%            2s
    ep   30 loss 0.2337 exact   0.0%  bit-acc  77.33%            3s
    ep   40 loss 0.2134 exact   0.0%  bit-acc  78.89%            4s
    ep   50 loss 0.1952 exact   0.0%  bit-acc  80.04%            4s
    ep   60 loss 0.1776 exact   0.0%  bit-acc  81.60%            5s
    ep   70 loss 0.1606 exact   0.0%  bit-acc  83.02%            6s
    ep   80 loss 0.1445 exact   0.0%  bit-acc  84.21%            7s
    ep   90 loss 0.1298 exact   0.0%  bit-acc  85.35%            8s
    ep  100 loss 0.1165 exact   0.0%  bit-acc  86.22%            9s
    ep  110 loss 0.1049 exact   0.0%  bit-acc  86.86%            9s
    ep  120 loss 0.0948 exact   0.0%  bit-acc  87.55%           10s
    ep  130 loss 0.0856 exact   0.0%  bit-acc  88.29%           11s
    ep  140 loss 0.0775 exact   0.0%  bit-acc  88.55%           12s
    ep  150 loss 0.0708 exact   0.0%  bit-acc  89.09%           13s
    ep  160 loss 0.0641 exact   0.0%  bit-acc  89.28%           14s
    ep  170 loss 0.0589 exact   0.0%  bit-acc  89.50%           15s
    ep  180 loss 0.0537 exact   0.0%  bit-acc  90.03%           15s
    ep  190 loss 0.0497 exact   0.0%  bit-acc  89.95%           16s
    ep  200 loss 0.0453 exact   0.0%  bit-acc  90.20%           17s
    ep  210 loss 0.0418 exact   0.0%  bit-acc  90.30%           18s
    ep  220 loss 0.0390 exact   0.0%  bit-acc  90.43%           19s
    ep  230 loss 0.0357 exact   0.0%  bit-acc  90.61%           20s
    ep  240 loss 0.0331 exact   0.0%  bit-acc  90.74%           20s
    ep  250 loss 0.0308 exact   0.2%  bit-acc  90.99%           21s
    ep  260 loss 0.0286 exact   0.2%  bit-acc  91.01%           22s
    ep  270 loss 0.0265 exact   0.0%  bit-acc  91.18%           23s
    ep  280 loss 0.0246 exact   0.0%  bit-acc  91.36%           24s
    ep  290 loss 0.0229 exact   0.0%  bit-acc  91.19%           24s
    ep  300 loss 0.0215 exact   0.0%  bit-acc  91.38%           25s
    ep  310 loss 0.0200 exact   0.0%  bit-acc  91.47%           26s
    ep  320 loss 0.0186 exact   0.0%  bit-acc  91.47%           27s
    ep  330 loss 0.0175 exact   0.0%  bit-acc  91.75%           28s
    ep  340 loss 0.0163 exact   0.0%  bit-acc  91.42%           29s
    ep  350 loss 0.0153 exact   0.2%  bit-acc  91.49%           29s
    ep  360 loss 0.0144 exact   0.0%  bit-acc  91.52%           30s
    ep  370 loss 0.0135 exact   0.0%  bit-acc  91.55%           31s
    ep  380 loss 0.0126 exact   0.0%  bit-acc  91.65%           32s
    ep  390 loss 0.0118 exact   0.0%  bit-acc  91.51%           33s
    ep  400 loss 0.0111 exact   0.2%  bit-acc  91.52%           33s
    ep  410 loss 0.0104 exact   0.0%  bit-acc  91.58%           34s
    ep  420 loss 0.0098 exact   0.0%  bit-acc  91.67%           35s
    ep  430 loss 0.0092 exact   0.0%  bit-acc  91.47%           36s
    ep  440 loss 0.0086 exact   0.0%  bit-acc  91.72%           37s
    ep  450 loss 0.0081 exact   0.0%  bit-acc  91.68%           38s
    ep  460 loss 0.0076 exact   0.0%  bit-acc  91.71%           38s
    ep  470 loss 0.0072 exact   0.0%  bit-acc  91.49%           39s
    ep  480 loss 0.0068 exact   0.0%  bit-acc  91.59%           40s
    ep  490 loss 0.0064 exact   0.0%  bit-acc  91.61%           41s
    ep  500 loss 0.0060 exact   0.0%  bit-acc  91.74%           42s
    ep  510 loss 0.0056 exact   0.2%  bit-acc  91.57%           42s
    ep  520 loss 0.0053 exact   0.0%  bit-acc  91.59%           43s
    ep  530 loss 0.0050 exact   0.0%  bit-acc  91.79%           44s
    ep  540 loss 0.0047 exact   0.0%  bit-acc  91.60%           45s
    ep  550 loss 0.0045 exact   0.0%  bit-acc  91.61%           46s
    ep  560 loss 0.0042 exact   0.0%  bit-acc  91.61%           47s
    ep  570 loss 0.0039 exact   0.0%  bit-acc  91.67%           47s
    ep  580 loss 0.0037 exact   0.0%  bit-acc  91.68%           48s
    ep  590 loss 0.0035 exact   0.0%  bit-acc  91.40%           49s
    ep  600 loss 0.0033 exact   0.0%  bit-acc  91.52%           50s
    ep  610 loss 0.0031 exact   0.0%  bit-acc  91.39%           51s
    ep  620 loss 0.0030 exact   0.0%  bit-acc  91.69%           51s
    ep  630 loss 0.0028 exact   0.0%  bit-acc  91.53%           52s
    ep  640 loss 0.0026 exact   0.0%  bit-acc  91.76%           53s
    ep  650 loss 0.0025 exact   0.0%  bit-acc  91.65%           54s
    ep  660 loss 0.0024 exact   0.0%  bit-acc  91.76%           55s
    ep  670 loss 0.0023 exact   0.0%  bit-acc  91.65%           56s
    ep  680 loss 0.0022 exact   0.2%  bit-acc  91.71%           56s
    ep  690 loss 0.0021 exact   0.0%  bit-acc  91.48%           57s
    ep  700 loss 0.0020 exact   0.0%  bit-acc  91.60%           58s
    ep  710 loss 0.0018 exact   0.0%  bit-acc  91.55%           59s
    ep  720 loss 0.0018 exact   0.0%  bit-acc  91.63%           60s
    ep  730 loss 0.0016 exact   0.0%  bit-acc  91.73%           60s
    ep  740 loss 0.0016 exact   0.0%  bit-acc  91.57%           61s
    ep  750 loss 0.0015 exact   0.0%  bit-acc  91.56%           62s
    ep  760 loss 0.0014 exact   0.0%  bit-acc  91.57%           63s
    ep  770 loss 0.0013 exact   0.0%  bit-acc  91.57%           68s
    ep  780 loss 0.0013 exact   0.0%  bit-acc  91.61%           71s
    ep  790 loss 0.0012 exact   0.0%  bit-acc  91.66%           73s
    ep  800 loss 0.0011 exact   0.0%  bit-acc  91.62%           77s
    ep  810 loss 0.0011 exact   0.0%  bit-acc  91.58%           79s
    ep  820 loss 0.0011 exact   0.0%  bit-acc  91.56%           80s
    ep  830 loss 0.0010 exact   0.0%  bit-acc  91.63%           81s
    ep  840 loss 0.0010 exact   0.0%  bit-acc  91.63%           82s
    ep  850 loss 0.0009 exact   0.0%  bit-acc  91.74%           82s
    ep  860 loss 0.0009 exact   0.2%  bit-acc  91.52%           83s
    ep  870 loss 0.0009 exact   0.0%  bit-acc  91.55%           84s
    ep  880 loss 0.0008 exact   0.2%  bit-acc  91.54%           85s
    ep  890 loss 0.0008 exact   0.2%  bit-acc  91.65%           86s
    ep  900 loss 0.0008 exact   0.0%  bit-acc  91.76%           87s
    ep  910 loss 0.0007 exact   0.2%  bit-acc  91.88%           87s
    ep  920 loss 0.0007 exact   0.2%  bit-acc  91.85%           88s
    ep  930 loss 0.0007 exact   0.0%  bit-acc  91.92%           91s
    ep  940 loss 0.0007 exact   0.2%  bit-acc  91.79%           95s
    ep  950 loss 0.0006 exact   0.0%  bit-acc  91.70%           99s
    ep  960 loss 0.0006 exact   0.2%  bit-acc  91.73%          103s
    ep  970 loss 0.0006 exact   0.0%  bit-acc  91.74%          106s
    ep  980 loss 0.0006 exact   0.0%  bit-acc  91.82%          109s
    ep  990 loss 0.0006 exact   0.0%  bit-acc  91.60%          112s
    ep 1000 loss 0.0006 exact   0.0%  bit-acc  91.68%          114s
    ep 1010 loss 0.0005 exact   0.2%  bit-acc  91.73%          118s
    ep 1020 loss 0.0005 exact   0.2%  bit-acc  91.83%          121s
    ep 1030 loss 0.0005 exact   0.4%  bit-acc  92.03%          125s
    ep 1040 loss 0.0005 exact   0.2%  bit-acc  91.92%          127s
    ep 1050 loss 0.0005 exact   0.0%  bit-acc  91.92%          129s
    ep 1060 loss 0.0005 exact   0.0%  bit-acc  92.00%          132s
    ep 1070 loss 0.0004 exact   0.0%  bit-acc  91.87%          137s
    ep 1080 loss 0.0004 exact   0.0%  bit-acc  91.87%          141s
    ep 1090 loss 0.0004 exact   0.2%  bit-acc  91.97%          144s
    ep 1100 loss 0.0004 exact   0.0%  bit-acc  91.96%          147s
    ep 1110 loss 0.0004 exact   0.2%  bit-acc  91.92%          149s
    ep 1120 loss 0.0004 exact   0.0%  bit-acc  91.86%          150s
    ep 1130 loss 0.0004 exact   0.0%  bit-acc  91.85%          151s
    ep 1140 loss 0.0004 exact   0.0%  bit-acc  91.67%          152s
    ep 1150 loss 0.0004 exact   0.0%  bit-acc  91.89%          153s
    ep 1160 loss 0.0004 exact   0.2%  bit-acc  91.88%          154s
    ep 1170 loss 0.0004 exact   0.0%  bit-acc  91.89%          155s
    ep 1180 loss 0.0004 exact   0.0%  bit-acc  91.93%          156s
    ep 1190 loss 0.0003 exact   0.0%  bit-acc  91.81%          157s
    ep 1200 loss 0.0003 exact   0.4%  bit-acc  91.75%          158s
    ep 1210 loss 0.0003 exact   0.2%  bit-acc  91.89%          159s
    ep 1220 loss 0.0003 exact   0.0%  bit-acc  91.92%          159s
    ep 1230 loss 0.0003 exact   0.0%  bit-acc  91.79%          160s
    ep 1240 loss 0.0003 exact   0.0%  bit-acc  92.05%          161s
    ep 1250 loss 0.0003 exact   0.0%  bit-acc  92.00%          162s
    ep 1260 loss 0.0003 exact   0.2%  bit-acc  92.04%          163s
    ep 1270 loss 0.0003 exact   0.0%  bit-acc  91.91%          163s
    ep 1280 loss 0.0003 exact   0.2%  bit-acc  91.97%          164s
    ep 1290 loss 0.0003 exact   0.2%  bit-acc  91.89%          165s
    ep 1300 loss 0.0003 exact   0.2%  bit-acc  91.88%          166s
    ep 1310 loss 0.0003 exact   0.0%  bit-acc  91.82%          167s
    ep 1320 loss 0.0003 exact   0.2%  bit-acc  91.93%          168s
    ep 1330 loss 0.0003 exact   0.0%  bit-acc  91.89%          169s
    ep 1340 loss 0.0003 exact   0.2%  bit-acc  91.94%          171s
    ep 1350 loss 0.0003 exact   0.0%  bit-acc  91.97%          175s
    ep 1360 loss 0.0003 exact   0.0%  bit-acc  92.03%          177s
    ep 1370 loss 0.0003 exact   0.4%  bit-acc  92.08%          180s
    ep 1380 loss 0.0003 exact   0.0%  bit-acc  91.85%          183s
    ep 1390 loss 0.0003 exact   0.2%  bit-acc  92.02%          187s
    ep 1400 loss 0.0003 exact   0.0%  bit-acc  91.91%          189s
    ep 1410 loss 0.0002 exact   0.2%  bit-acc  92.06%          191s
    ep 1420 loss 0.0003 exact   0.2%  bit-acc  92.01%          193s
    ep 1430 loss 0.0002 exact   0.0%  bit-acc  91.99%          196s
    ep 1440 loss 0.0003 exact   0.0%  bit-acc  91.89%          199s
    ep 1450 loss 0.0003 exact   0.0%  bit-acc  92.11%          202s
    ep 1460 loss 0.0002 exact   0.0%  bit-acc  92.02%          205s
    ep 1470 loss 0.0002 exact   0.2%  bit-acc  91.98%          207s
    ep 1480 loss 0.0002 exact   0.0%  bit-acc  92.00%          210s
    ep 1490 loss 0.0002 exact   0.2%  bit-acc  91.72%          212s
    ep 1500 loss 0.0002 exact   0.0%  bit-acc  91.92%          215s
    ep 1510 loss 0.0002 exact   0.0%  bit-acc  91.99%          218s
    ep 1520 loss 0.0002 exact   0.2%  bit-acc  92.03%          220s
    ep 1530 loss 0.0002 exact   0.2%  bit-acc  92.17%          222s
    ep 1540 loss 0.0002 exact   0.0%  bit-acc  92.02%          224s
    ep 1550 loss 0.0002 exact   0.0%  bit-acc  91.91%          226s
    ep 1560 loss 0.0002 exact   0.2%  bit-acc  92.14%          230s
    ep 1570 loss 0.0002 exact   0.0%  bit-acc  91.96%          234s
    ep 1580 loss 0.0002 exact   0.0%  bit-acc  92.09%          236s
    ep 1590 loss 0.0002 exact   0.6%  bit-acc  92.08%          241s
    ep 1600 loss 0.0002 exact   0.2%  bit-acc  92.13%          244s
    ep 1610 loss 0.0002 exact   0.0%  bit-acc  92.03%          246s
    ep 1620 loss 0.0002 exact   0.0%  bit-acc  92.04%          252s
    ep 1630 loss 0.0002 exact   0.0%  bit-acc  92.11%          255s
    ep 1640 loss 0.0002 exact   0.0%  bit-acc  92.04%          259s
    ep 1650 loss 0.0002 exact   0.0%  bit-acc  92.04%          263s
    ep 1660 loss 0.0002 exact   0.2%  bit-acc  92.02%          267s
    ep 1670 loss 0.0002 exact   0.0%  bit-acc  92.07%          270s
    ep 1680 loss 0.0002 exact   0.0%  bit-acc  92.00%          272s
    ep 1690 loss 0.0002 exact   0.0%  bit-acc  92.02%          275s
    ep 1700 loss 0.0002 exact   0.0%  bit-acc  91.94%          278s
    ep 1710 loss 0.0002 exact   0.4%  bit-acc  91.95%          280s
    ep 1720 loss 0.0002 exact   0.4%  bit-acc  91.99%          283s
    ep 1730 loss 0.0002 exact   0.2%  bit-acc  92.10%          288s
    ep 1740 loss 0.0002 exact   0.0%  bit-acc  92.07%          293s
    ep 1750 loss 0.0002 exact   0.0%  bit-acc  92.06%          298s
    ep 1760 loss 0.0002 exact   0.0%  bit-acc  92.08%          302s
    ep 1770 loss 0.0002 exact   0.2%  bit-acc  92.03%          306s
    ep 1780 loss 0.0002 exact   0.0%  bit-acc  92.03%          310s
    ep 1790 loss 0.0002 exact   0.2%  bit-acc  92.08%          313s
    ep 1800 loss 0.0002 exact   0.0%  bit-acc  92.28%          316s
    ep 1810 loss 0.0002 exact   0.0%  bit-acc  92.28%          319s
    ep 1820 loss 0.0002 exact   0.2%  bit-acc  92.05%          321s
    ep 1830 loss 0.0002 exact   0.0%  bit-acc  92.20%          323s
    ep 1840 loss 0.0002 exact   0.0%  bit-acc  92.13%          328s
    ep 1850 loss 0.0002 exact   0.0%  bit-acc  92.21%          331s
    ep 1860 loss 0.0002 exact   0.0%  bit-acc  92.23%          335s
    ep 1870 loss 0.0002 exact   0.0%  bit-acc  92.07%          338s
    ep 1880 loss 0.0002 exact   0.0%  bit-acc  92.13%          341s
    ep 1890 loss 0.0002 exact   0.2%  bit-acc  92.02%          344s
    ep 1900 loss 0.0002 exact   0.0%  bit-acc  92.04%          347s
    ep 1910 loss 0.0002 exact   0.2%  bit-acc  92.22%          351s
    ep 1920 loss 0.0002 exact   0.2%  bit-acc  92.20%          355s
    ep 1930 loss 0.0002 exact   0.2%  bit-acc  92.02%          357s
    ep 1940 loss 0.0002 exact   0.2%  bit-acc  91.98%          361s
    ep 1950 loss 0.0002 exact   0.4%  bit-acc  92.07%          365s
    ep 1960 loss 0.0002 exact   0.2%  bit-acc  92.07%          368s
    ep 1970 loss 0.0002 exact   0.0%  bit-acc  92.14%          371s
    ep 1980 loss 0.0002 exact   0.4%  bit-acc  92.05%          376s
    ep 1990 loss 0.0002 exact   0.0%  bit-acc  92.21%          380s
    ep 2000 loss 0.0002 exact   0.0%  bit-acc  92.12%          385s
    ep 2010 loss 0.0002 exact   0.0%  bit-acc  92.33%          388s
    ep 2020 loss 0.0002 exact   0.2%  bit-acc  92.19%          390s
    ep 2030 loss 0.0002 exact   0.0%  bit-acc  92.35%          394s
    ep 2040 loss 0.0002 exact   0.2%  bit-acc  92.20%          397s
    ep 2050 loss 0.0002 exact   0.0%  bit-acc  92.31%          402s
    ep 2060 loss 0.0002 exact   0.4%  bit-acc  92.34%          408s
    ep 2070 loss 0.0002 exact   0.0%  bit-acc  92.25%          410s
    ep 2080 loss 0.0002 exact   0.2%  bit-acc  92.38%          412s
    ep 2090 loss 0.0002 exact   0.2%  bit-acc  92.25%          415s
    ep 2100 loss 0.0002 exact   0.0%  bit-acc  92.10%          417s
    ep 2110 loss 0.1116 exact   0.0%  bit-acc  88.27%  STE     420s
    ep 2120 loss 0.1027 exact   0.0%  bit-acc  88.46%  STE     422s
    ep 2130 loss 0.0948 exact   0.0%  bit-acc  88.92%  STE     425s
    ep 2140 loss 0.0873 exact   0.0%  bit-acc  89.21%  STE     427s
    ep 2150 loss 0.0796 exact   0.0%  bit-acc  90.00%  STE     430s
    ep 2160 loss 0.0731 exact   0.0%  bit-acc  90.31%  STE     433s
    ep 2170 loss 0.0703 exact   0.0%  bit-acc  90.50%  STE     435s
    ep 2180 loss 0.0684 exact   0.0%  bit-acc  90.84%  STE     438s
    ep 2190 loss 0.0651 exact   0.2%  bit-acc  91.08%  STE     440s
    ep 2200 loss 0.0635 exact   0.0%  bit-acc  91.07%  STE     443s
    ep 2210 loss 0.0604 exact   0.0%  bit-acc  91.42%  STE     446s
    ep 2220 loss 0.0609 exact   0.0%  bit-acc  91.26%  STE     449s
    ep 2230 loss 0.0589 exact   0.4%  bit-acc  91.49%  STE     451s
    ep 2240 loss 0.0581 exact   0.2%  bit-acc  91.74%  STE     454s
    ep 2250 loss 0.0574 exact   0.0%  bit-acc  91.57%  STE     457s
    ep 2260 loss 0.0550 exact   0.2%  bit-acc  91.98%  STE     459s
    ep 2270 loss 0.0570 exact   0.0%  bit-acc  91.66%  STE     462s
    ep 2280 loss 0.0549 exact   0.2%  bit-acc  92.03%  STE     464s
    ep 2290 loss 0.0546 exact   0.0%  bit-acc  92.07%  STE     466s
    ep 2300 loss 0.0531 exact   0.0%  bit-acc  92.14%  STE     468s
    ep 2310 loss 0.0518 exact   0.0%  bit-acc  92.16%  STE     470s
    ep 2320 loss 0.0523 exact   0.2%  bit-acc  92.56%  STE     472s
    ep 2330 loss 0.0511 exact   0.2%  bit-acc  92.25%  STE     474s
    ep 2340 loss 0.0512 exact   0.2%  bit-acc  92.22%  STE     477s
    ep 2350 loss 0.0508 exact   0.2%  bit-acc  92.32%  STE     479s
    ep 2360 loss 0.0511 exact   0.4%  bit-acc  92.40%  STE     483s
    ep 2370 loss 0.0491 exact   0.2%  bit-acc  92.46%  STE     487s
    ep 2380 loss 0.0497 exact   0.2%  bit-acc  92.46%  STE     490s
    ep 2390 loss 0.0498 exact   0.2%  bit-acc  92.51%  STE     497s
    ep 2400 loss 0.0486 exact   0.6%  bit-acc  92.39%  STE     503s
    ep 2410 loss 0.0479 exact   0.0%  bit-acc  92.47%  STE     509s
    ep 2420 loss 0.0480 exact   0.6%  bit-acc  92.91%  STE     511s
    ep 2430 loss 0.0475 exact   0.2%  bit-acc  92.54%  STE     517s
    ep 2440 loss 0.0479 exact   0.4%  bit-acc  92.56%  STE     524s
    ep 2450 loss 0.0476 exact   0.0%  bit-acc  92.56%  STE     529s
    ep 2460 loss 0.0470 exact   0.2%  bit-acc  92.49%  STE     532s
    ep 2470 loss 0.0477 exact   0.6%  bit-acc  92.67%  STE     535s
    ep 2480 loss 0.0470 exact   0.0%  bit-acc  92.60%  STE     538s
    ep 2490 loss 0.0463 exact   0.4%  bit-acc  92.62%  STE     540s
    ep 2500 loss 0.0458 exact   0.0%  bit-acc  92.77%  STE     543s
    ep 2510 loss 0.0455 exact   0.0%  bit-acc  92.86%  STE     546s
    ep 2520 loss 0.0451 exact   0.0%  bit-acc  92.89%  STE     548s
    ep 2530 loss 0.0463 exact   0.0%  bit-acc  92.70%  STE     551s
    ep 2540 loss 0.0446 exact   0.0%  bit-acc  92.93%  STE     553s
    ep 2550 loss 0.0458 exact   0.6%  bit-acc  92.98%  STE     556s
    ep 2560 loss 0.0453 exact   0.2%  bit-acc  92.86%  STE     558s
    ep 2570 loss 0.0447 exact   0.0%  bit-acc  92.90%  STE     561s
    ep 2580 loss 0.0447 exact   0.6%  bit-acc  92.89%  STE     564s
    ep 2590 loss 0.0447 exact   0.2%  bit-acc  93.09%  STE     567s
    ep 2600 loss 0.0440 exact   0.0%  bit-acc  92.99%  STE     569s
    ep 2610 loss 0.0443 exact   0.4%  bit-acc  93.18%  STE     572s
    ep 2620 loss 0.0434 exact   0.2%  bit-acc  93.18%  STE     575s
    ep 2630 loss 0.0444 exact   0.0%  bit-acc  92.87%  STE     578s
    ep 2640 loss 0.0439 exact   0.8%  bit-acc  93.08%  STE     580s
    ep 2650 loss 0.0430 exact   0.0%  bit-acc  93.20%  STE     583s
    ep 2660 loss 0.0437 exact   0.0%  bit-acc  92.79%  STE     585s
    ep 2670 loss 0.0437 exact   0.4%  bit-acc  93.05%  STE     588s
    ep 2680 loss 0.0432 exact   0.2%  bit-acc  93.21%  STE     591s
    ep 2690 loss 0.0423 exact   0.0%  bit-acc  93.18%  STE     594s
    ep 2700 loss 0.0423 exact   0.6%  bit-acc  93.13%  STE     596s
    ep 2710 loss 0.0425 exact   0.4%  bit-acc  93.01%  STE     599s
    ep 2720 loss 0.0438 exact   0.2%  bit-acc  92.95%  STE     602s
    ep 2730 loss 0.0431 exact   0.4%  bit-acc  93.00%  STE     604s
    ep 2740 loss 0.0428 exact   0.2%  bit-acc  92.97%  STE     607s
    ep 2750 loss 0.0429 exact   0.8%  bit-acc  93.25%  STE     611s
    ep 2760 loss 0.0420 exact   0.6%  bit-acc  93.24%  STE     618s
    ep 2770 loss 0.0420 exact   0.6%  bit-acc  93.10%  STE     624s
    ep 2780 loss 0.0425 exact   0.2%  bit-acc  93.31%  STE     630s
    ep 2790 loss 0.0424 exact   0.2%  bit-acc  93.21%  STE     633s
    ep 2800 loss 0.0408 exact   0.2%  bit-acc  93.39%  STE     636s
    ep 2810 loss 0.0415 exact   0.6%  bit-acc  93.08%  STE     638s
    ep 2820 loss 0.0419 exact   0.2%  bit-acc  93.08%  STE     641s
    ep 2830 loss 0.0416 exact   0.2%  bit-acc  93.07%  STE     644s
    ep 2840 loss 0.0419 exact   0.6%  bit-acc  93.26%  STE     646s
    ep 2850 loss 0.0409 exact   1.2%  bit-acc  93.38%  STE     649s
    ep 2860 loss 0.0407 exact   0.0%  bit-acc  93.22%  STE     651s
    ep 2870 loss 0.0407 exact   0.8%  bit-acc  93.49%  STE     654s
    ep 2880 loss 0.0411 exact   0.6%  bit-acc  93.29%  STE     657s
    ep 2890 loss 0.0414 exact   0.8%  bit-acc  93.35%  STE     659s
    ep 2900 loss 0.0401 exact   0.2%  bit-acc  93.19%  STE     662s
    ep 2910 loss 0.0408 exact   0.2%  bit-acc  93.33%  STE     664s
    ep 2920 loss 0.0412 exact   0.8%  bit-acc  93.39%  STE     667s
    ep 2930 loss 0.0393 exact   0.6%  bit-acc  93.62%  STE     670s
    ep 2940 loss 0.0402 exact   0.8%  bit-acc  93.34%  STE     672s
    ep 2950 loss 0.0403 exact   0.6%  bit-acc  93.26%  STE     675s
    ep 2960 loss 0.0407 exact   0.2%  bit-acc  93.32%  STE     678s
    ep 2970 loss 0.0399 exact   0.2%  bit-acc  93.51%  STE     680s
    ep 2980 loss 0.0393 exact   0.2%  bit-acc  93.25%  STE     683s
    ep 2990 loss 0.0407 exact   0.8%  bit-acc  93.48%  STE     686s
    ep 3000 loss 0.0400 exact   0.8%  bit-acc  93.46%  STE     689s
FINAL exact 0.008 bit_acc 0.9347 time 688.8
